05-15 05:00:46.067 19766 19766 D AppLog  : User:001 ; Type:new_msg ; Message:Eadric ; MessageID:1 ; Time:05:00:46.054
05-15 05:00:46.718 19766 19928 D AppLog  : User:001 ; Type:server_ack ; Message:Eadric ; MessageID:1 ; Time:05:00:46.718
05-15 05:00:46.997 19766 19928 D AppLog  : User:001 ; Type:receiver_ack ; Message:Eadric ; MessageID:1 ; Time:05:00:46.996
05-15 05:01:05.867 19766 19766 D AppLog  : User:002 ; Type:new_msg ; Message:Nalena ; MessageID:1 ; Time:05:01:05.860
05-15 05:01:06.396 19766 19934 D AppLog  : User:002 ; Type:server_ack ; Message:Nalena ; MessageID:1 ; Time:05:01:06.395
05-15 05:01:06.717 19766 19934 D AppLog  : User:002 ; Type:receiver_ack ; Message:Nalena ; MessageID:1 ; Time:05:01:06.716
05-15 05:01:16.415 19766 19766 D AppLog  : User:003 ; Type:new_msg ; Message:kaelen ; MessageID:1 ; Time:05:01:16.406
05-15 05:01:17.451 19766 19935 D AppLog  : User:003 ; Type:server_ack ; Message:kaelen ; MessageID:1 ; Time:05:01:17.451
05-15 05:01:17.635 19766 19935 D AppLog  : User:003 ; Type:receiver_ack ; Message:kaelen ; MessageID:1 ; Time:05:01:17.635
05-15 05:07:41.077 19766 19766 D AppLog  : User:001 ; Type:new_msg ; Message:eadric2 ; MessageID:1 ; Time:05:07:41.070
05-15 05:07:41.756 19766 20013 D AppLog  : User:001 ; Type:server_ack ; Message:eadric2 ; MessageID:1 ; Time:05:07:41.756
05-15 05:07:42.057 19766 20013 D AppLog  : User:001 ; Type:receiver_ack ; Message:eadric2 ; MessageID:1 ; Time:05:07:42.056
05-15 05:07:49.482 19766 19766 D AppLog  : User:002 ; Type:new_msg ; Message:nalena2 ; MessageID:1 ; Time:05:07:49.476
05-15 05:07:49.946 19766 20013 D AppLog  : User:002 ; Type:server_ack ; Message:nalena2 ; MessageID:1 ; Time:05:07:49.946
05-15 05:07:50.246 19766 20013 D AppLog  : User:002 ; Type:receiver_ack ; Message:nalena2 ; MessageID:1 ; Time:05:07:50.246
05-15 05:07:59.340 19766 19766 D AppLog  : User:003 ; Type:new_msg ; Message:kaelen2 ; MessageID:1 ; Time:05:07:59.335
05-15 05:08:00.417 19766 19935 D AppLog  : User:003 ; Type:server_ack ; Message:kaelen2 ; MessageID:1 ; Time:05:08:00.417
05-15 05:08:00.640 19766 19935 D AppLog  : User:003 ; Type:receiver_ack ; Message:kaelen2 ; MessageID:1 ; Time:05:08:00.639
05-15 05:11:30.702 19766 19766 D AppLog  : User:001 ; Type:new_msg ; Message:eadric3 ; MessageID:1 ; Time:05:11:30.697
05-15 05:11:31.445 19766 19935 D AppLog  : User:001 ; Type:server_ack ; Message:eadric3 ; MessageID:1 ; Time:05:11:31.445
05-15 05:11:31.727 19766 19935 D AppLog  : User:001 ; Type:receiver_ack ; Message:eadric3 ; MessageID:1 ; Time:05:11:31.726
05-15 05:18:45.735 19766 19766 D AppLog  : User:002 ; Type:new_msg ; Message:a ; MessageID:1 ; Time:05:18:45.730
05-15 05:18:46.259 19766 19935 D AppLog  : User:002 ; Type:server_ack ; Message:a ; MessageID:1 ; Time:05:18:46.259
05-15 05:18:46.574 19766 19935 D AppLog  : User:002 ; Type:receiver_ack ; Message:a ; MessageID:1 ; Time:05:18:46.574
05-15 05:18:53.693 19766 19766 D AppLog  : User:003 ; Type:new_msg ; Message:d ; MessageID:1 ; Time:05:18:53.689
05-15 05:18:54.733 19766 20119 D AppLog  : User:003 ; Type:server_ack ; Message:d ; MessageID:1 ; Time:05:18:54.733
05-15 05:18:54.944 19766 20119 D AppLog  : User:003 ; Type:receiver_ack ; Message:d ; MessageID:1 ; Time:05:18:54.944
05-15 05:18:59.368 19766 19766 D AppLog  : User:001 ; Type:new_msg ; Message:e ; MessageID:1 ; Time:05:18:59.364
05-15 05:18:59.995 19766 19935 D AppLog  : User:001 ; Type:server_ack ; Message:e ; MessageID:1 ; Time:05:18:59.995
05-15 05:19:00.309 19766 19935 D AppLog  : User:001 ; Type:receiver_ack ; Message:e ; MessageID:1 ; Time:05:19:00.308
05-15 05:19:02.421 19766 19766 D AppLog  : User:001 ; Type:new_msg ; Message:d ; MessageID:3 ; Time:05:19:02.416
05-15 05:19:03.143 19766 19935 D AppLog  : User:001 ; Type:server_ack ; Message:d ; MessageID:3 ; Time:05:19:03.143
05-15 05:19:03.455 19766 19935 D AppLog  : User:001 ; Type:receiver_ack ; Message:d ; MessageID:3 ; Time:05:19:03.454
05-15 05:19:05.318 19766 19766 D AppLog  : User:001 ; Type:new_msg ; Message:y ; MessageID:5 ; Time:05:19:05.312
05-15 05:19:06.016 19766 19935 D AppLog  : User:001 ; Type:server_ack ; Message:y ; MessageID:5 ; Time:05:19:06.015
05-15 05:19:06.332 19766 19935 D AppLog  : User:001 ; Type:receiver_ack ; Message:y ; MessageID:5 ; Time:05:19:06.331
05-15 05:19:08.436 19766 19766 D AppLog  : User:001 ; Type:new_msg ; Message:t ; MessageID:7 ; Time:05:19:08.426
05-15 05:19:09.210 19766 19935 D AppLog  : User:001 ; Type:server_ack ; Message:t ; MessageID:7 ; Time:05:19:09.210
05-15 05:19:09.482 19766 19935 D AppLog  : User:001 ; Type:receiver_ack ; Message:t ; MessageID:7 ; Time:05:19:09.482
05-15 05:19:11.243 19766 19766 D AppLog  : User:001 ; Type:new_msg ; Message:h ; MessageID:9 ; Time:05:19:11.238
05-15 05:19:11.957 19766 19935 D AppLog  : User:001 ; Type:server_ack ; Message:h ; MessageID:9 ; Time:05:19:11.957
05-15 05:19:12.276 19766 19935 D AppLog  : User:001 ; Type:receiver_ack ; Message:h ; MessageID:9 ; Time:05:19:12.275
05-15 05:19:14.283 19766 19766 D AppLog  : User:001 ; Type:new_msg ; Message:d ; MessageID:11 ; Time:05:19:14.279
05-15 05:19:14.979 19766 19935 D AppLog  : User:001 ; Type:server_ack ; Message:d ; MessageID:11 ; Time:05:19:14.979
05-15 05:19:15.278 19766 19935 D AppLog  : User:001 ; Type:receiver_ack ; Message:d ; MessageID:11 ; Time:05:19:15.278
05-15 05:19:22.225 19766 19766 D AppLog  : User:001 ; Type:new_msg ; Message:j ; MessageID:13 ; Time:05:19:22.217
05-15 05:19:22.927 19766 19935 D AppLog  : User:001 ; Type:server_ack ; Message:j ; MessageID:13 ; Time:05:19:22.927
05-15 05:19:23.234 19766 19935 D AppLog  : User:001 ; Type:receiver_ack ; Message:j ; MessageID:13 ; Time:05:19:23.234
05-15 05:20:10.870 19766 19766 D AppLog  : User:002 ; Type:new_msg ; Message:f ; MessageID:1 ; Time:05:20:10.865
05-15 05:20:11.452 19766 19935 D AppLog  : User:002 ; Type:server_ack ; Message:f ; MessageID:1 ; Time:05:20:11.451
05-15 05:20:11.759 19766 19935 D AppLog  : User:002 ; Type:receiver_ack ; Message:f ; MessageID:1 ; Time:05:20:11.759
05-15 05:20:13.056 19766 19766 D AppLog  : User:002 ; Type:new_msg ; Message:i ; MessageID:3 ; Time:05:20:13.051
05-15 05:20:13.573 19766 19935 D AppLog  : User:002 ; Type:server_ack ; Message:i ; MessageID:3 ; Time:05:20:13.573
05-15 05:20:13.845 19766 19935 D AppLog  : User:002 ; Type:receiver_ack ; Message:i ; MessageID:3 ; Time:05:20:13.845
05-15 05:20:15.126 19766 19766 D AppLog  : User:002 ; Type:new_msg ; Message:r ; MessageID:5 ; Time:05:20:15.121
05-15 05:20:15.601 19766 19935 D AppLog  : User:002 ; Type:server_ack ; Message:r ; MessageID:5 ; Time:05:20:15.601
05-15 05:20:15.879 19766 19935 D AppLog  : User:002 ; Type:receiver_ack ; Message:r ; MessageID:5 ; Time:05:20:15.878
05-15 05:20:17.311 19766 19766 D AppLog  : User:002 ; Type:new_msg ; Message:j ; MessageID:7 ; Time:05:20:17.307
05-15 05:20:17.861 19766 19935 D AppLog  : User:002 ; Type:server_ack ; Message:j ; MessageID:7 ; Time:05:20:17.860
05-15 05:20:18.167 19766 19935 D AppLog  : User:002 ; Type:receiver_ack ; Message:j ; MessageID:7 ; Time:05:20:18.166
05-15 05:20:19.916 19766 19766 D AppLog  : User:002 ; Type:new_msg ; Message:d ; MessageID:9 ; Time:05:20:19.912
05-15 05:20:20.383 19766 19935 D AppLog  : User:002 ; Type:server_ack ; Message:d ; MessageID:9 ; Time:05:20:20.383
05-15 05:20:20.665 19766 19935 D AppLog  : User:002 ; Type:receiver_ack ; Message:d ; MessageID:9 ; Time:05:20:20.665
05-15 05:20:22.534 19766 19766 D AppLog  : User:002 ; Type:new_msg ; Message:r ; MessageID:11 ; Time:05:20:22.531
05-15 05:20:22.944 19766 19935 D AppLog  : User:002 ; Type:server_ack ; Message:r ; MessageID:11 ; Time:05:20:22.944
05-15 05:20:23.248 19766 19935 D AppLog  : User:002 ; Type:receiver_ack ; Message:r ; MessageID:11 ; Time:05:20:23.247
05-15 05:20:24.976 19766 19766 D AppLog  : User:002 ; Type:new_msg ; Message:h ; MessageID:13 ; Time:05:20:24.971
05-15 05:20:25.445 19766 19935 D AppLog  : User:002 ; Type:server_ack ; Message:h ; MessageID:13 ; Time:05:20:25.445
05-15 05:20:25.756 19766 19935 D AppLog  : User:002 ; Type:receiver_ack ; Message:h ; MessageID:13 ; Time:05:20:25.756
05-15 05:20:27.465 19766 19766 D AppLog  : User:002 ; Type:new_msg ; Message:m ; MessageID:15 ; Time:05:20:27.460
05-15 05:20:28.035 19766 19935 D AppLog  : User:002 ; Type:server_ack ; Message:m ; MessageID:15 ; Time:05:20:28.034
05-15 05:20:28.327 19766 19935 D AppLog  : User:002 ; Type:receiver_ack ; Message:m ; MessageID:15 ; Time:05:20:28.327
05-15 05:20:45.654 19766 19766 D AppLog  : User:003 ; Type:new_msg ; Message:f ; MessageID:1 ; Time:05:20:45.646
05-15 05:20:46.625 19766 20159 D AppLog  : User:003 ; Type:server_ack ; Message:f ; MessageID:1 ; Time:05:20:46.625
05-15 05:20:46.808 19766 20159 D AppLog  : User:003 ; Type:receiver_ack ; Message:f ; MessageID:1 ; Time:05:20:46.808
05-15 05:20:47.554 19766 19766 D AppLog  : User:003 ; Type:new_msg ; Message:i ; MessageID:2 ; Time:05:20:47.549
05-15 05:20:48.624 19766 20159 D AppLog  : User:003 ; Type:server_ack ; Message:i ; MessageID:2 ; Time:05:20:48.624
05-15 05:20:48.844 19766 20159 D AppLog  : User:003 ; Type:receiver_ack ; Message:i ; MessageID:2 ; Time:05:20:48.844
05-15 05:20:49.421 19766 19766 D AppLog  : User:003 ; Type:new_msg ; Message:h ; MessageID:3 ; Time:05:20:49.416
05-15 05:20:50.393 19766 20159 D AppLog  : User:003 ; Type:server_ack ; Message:h ; MessageID:3 ; Time:05:20:50.393
05-15 05:20:50.589 19766 20159 D AppLog  : User:003 ; Type:receiver_ack ; Message:h ; MessageID:3 ; Time:05:20:50.589
05-15 05:20:51.275 19766 19766 D AppLog  : User:003 ; Type:new_msg ; Message:f ; MessageID:4 ; Time:05:20:51.270
05-15 05:20:52.216 19766 20159 D AppLog  : User:003 ; Type:server_ack ; Message:f ; MessageID:4 ; Time:05:20:52.215
05-15 05:20:52.412 19766 20159 D AppLog  : User:003 ; Type:receiver_ack ; Message:f ; MessageID:4 ; Time:05:20:52.412
05-15 05:20:53.531 19766 19766 D AppLog  : User:003 ; Type:new_msg ; Message:k ; MessageID:5 ; Time:05:20:53.525
05-15 05:20:54.601 19766 20159 D AppLog  : User:003 ; Type:server_ack ; Message:k ; MessageID:5 ; Time:05:20:54.601
05-15 05:20:54.814 19766 20159 D AppLog  : User:003 ; Type:receiver_ack ; Message:k ; MessageID:5 ; Time:05:20:54.814
05-15 05:20:55.534 19766 19766 D AppLog  : User:003 ; Type:new_msg ; Message:d ; MessageID:6 ; Time:05:20:55.530
05-15 05:20:56.491 19766 20159 D AppLog  : User:003 ; Type:server_ack ; Message:d ; MessageID:6 ; Time:05:20:56.491
05-15 05:20:56.713 19766 20159 D AppLog  : User:003 ; Type:receiver_ack ; Message:d ; MessageID:6 ; Time:05:20:56.712
05-15 05:20:57.736 19766 19766 D AppLog  : User:003 ; Type:new_msg ; Message:r ; MessageID:7 ; Time:05:20:57.731
05-15 05:20:58.778 19766 20159 D AppLog  : User:003 ; Type:server_ack ; Message:r ; MessageID:7 ; Time:05:20:58.778
05-15 05:20:58.972 19766 20159 D AppLog  : User:003 ; Type:receiver_ack ; Message:r ; MessageID:7 ; Time:05:20:58.971

